// Jest Snapshot v1, https://goo.gl/fbAQLP

exports[`Transaction page Match to snapshot 1`] = `<div />`;
