// Jest Snapshot v1, https://goo.gl/fbAQLP

exports[`Efficiency component renders correctly 1`] = `
<div>
  <div
    class="css-mejsgu"
  >
    <div
      class="chakra-skeleton css-1wu0swh"
    />
  </div>
</div>
`;
