// Jest Snapshot v1, https://goo.gl/fbAQLP

exports[`renders Logo with content 1`] = `
<div>
  <a
    class="chakra-text css-bljho8"
    href="/"
  >
    <img
      alt="This is logo"
      class="chakra-image css-0"
      src="/icons/logo.svg"
    />
  </a>
  ,
</div>
`;
