// Jest Snapshot v1, https://goo.gl/fbAQLP

exports[`Modal test cases should render correctly 1`] = `
<div
  aria-hidden="true"
  data-aria-hidden="true"
/>
`;

exports[`Modal test cases should render with default value 1`] = `
<div
  aria-hidden="true"
  data-aria-hidden="true"
/>
`;
