// Jest Snapshot v1, https://goo.gl/fbAQLP

exports[`SearchBar render Should render match with snapshot. 1`] = `
<div>
  <form
    class="chakra-stack css-1cfckle"
    data-testid="search-bar"
  >
    <div
      class="css-9d69w6"
    >
      <div
        class="chakra-form-control css-0"
        role="group"
      >
        <div
          class="chakra-input__group css-169ufh8"
          data-group="true"
        >
          <div
            class="chakra-input__left-element css-1u2k0bl"
          >
            <svg
              fill="none"
              height="20"
              stroke="#1D1E24"
              viewBox="0 0 20 20"
              width="20"
              xmlns="http://www.w3.org/2000/svg"
            >
              <circle
                cx="9.78639"
                cy="9.78602"
                r="8.23951"
                stroke-linecap="round"
                stroke-linejoin="round"
                stroke-width="1.5"
              />
              <path
                d="M15.5176 15.9447L18.7479 19.1667"
                stroke-linecap="round"
                stroke-linejoin="round"
                stroke-width="1.5"
              />
            </svg>
          </div>
          <input
            class="chakra-input css-0"
            data-testid="search-transaction"
            id="field-:r0:"
            placeholder="Search by name, email, or other..."
            type="text"
            value=""
          />
          <button
            class="chakra-input__right-element css-1uzzgp1"
            type="button"
          >
            <svg
              class="chakra-icon css-onkibi"
              focusable="false"
              viewBox="0 0 24 24"
            >
              <path
                d="M.439,21.44a1.5,1.5,0,0,0,2.122,2.121L11.823,14.3a.25.25,0,0,1,.354,0l9.262,9.263a1.5,1.5,0,1,0,2.122-2.121L14.3,12.177a.25.25,0,0,1,0-.354l9.263-9.262A1.5,1.5,0,0,0,21.439.44L12.177,9.7a.25.25,0,0,1-.354,0L2.561.44A1.5,1.5,0,0,0,.439,2.561L9.7,11.823a.25.25,0,0,1,0,.354Z"
                fill="currentColor"
              />
            </svg>
          </button>
        </div>
      </div>
    </div>
    <div
      class="css-cgqc68"
    >
      <button
        aria-controls="menu-list-:r2:"
        aria-expanded="false"
        aria-haspopup="menu"
        class="chakra-button chakra-menu__menu-button css-lyu4i6"
        id="menu-button-:r2:"
        type="button"
      >
        <span
          class="css-xl71ch"
        >
          <span
            class="css-5k2rm8"
          >
            <svg
              fill="none"
              height="17"
              stroke="#1D1E24"
              width="18"
              xmlns="http://www.w3.org/2000/svg"
            >
              <path
                d="M7.552 13.502H1.25M10.362 3.81h6.301"
              />
              <path
                clip-rule="evenodd"
                d="M5.948 3.756a2.355 2.355 0 0 0-2.363-2.347 2.355 2.355 0 0 0-2.363 2.347 2.355 2.355 0 0 0 2.363 2.346 2.355 2.355 0 0 0 2.363-2.346ZM17.221 13.463a2.354 2.354 0 0 0-2.362-2.346 2.355 2.355 0 0 0-2.364 2.346 2.355 2.355 0 0 0 2.364 2.347 2.354 2.354 0 0 0 2.362-2.347Z"
              />
            </svg>
            Filters
          </span>
        </span>
      </button>
      <div
        class="css-0"
        style="visibility: hidden; position: absolute; inset: 0 auto auto 0;"
      >
        <div
          aria-orientation="vertical"
          class="chakra-menu__menu-list css-ta0hp9"
          id="menu-list-:r2:"
          role="menu"
          style="transform-origin: var(--popper-transform-origin); opacity: 0; visibility: hidden; transform: scale(0.8) translateZ(0);"
          tabindex="-1"
        >
          <button
            class="chakra-menu__menuitem css-1oz22gy"
            data-index="0"
            id="menu-list-:r2:-menuitem-:r3:"
            role="menuitem"
            tabindex="-1"
            type="button"
          >
            <p
              class="chakra-text css-1198d6z"
            >
              January
            </p>
          </button>
          <button
            class="chakra-menu__menuitem css-1oz22gy"
            data-index="1"
            id="menu-list-:r2:-menuitem-:r4:"
            role="menuitem"
            tabindex="-1"
            type="button"
          >
            <p
              class="chakra-text css-1198d6z"
            >
              February
            </p>
          </button>
          <button
            class="chakra-menu__menuitem css-1oz22gy"
            data-index="2"
            id="menu-list-:r2:-menuitem-:r5:"
            role="menuitem"
            tabindex="-1"
            type="button"
          >
            <p
              class="chakra-text css-1198d6z"
            >
              March
            </p>
          </button>
          <button
            class="chakra-menu__menuitem css-1oz22gy"
            data-index="3"
            id="menu-list-:r2:-menuitem-:r6:"
            role="menuitem"
            tabindex="-1"
            type="button"
          >
            <p
              class="chakra-text css-1198d6z"
            >
              April
            </p>
          </button>
          <button
            class="chakra-menu__menuitem css-1oz22gy"
            data-index="4"
            id="menu-list-:r2:-menuitem-:r7:"
            role="menuitem"
            tabindex="-1"
            type="button"
          >
            <p
              class="chakra-text css-1198d6z"
            >
              May
            </p>
          </button>
          <button
            class="chakra-menu__menuitem css-1oz22gy"
            data-index="5"
            id="menu-list-:r2:-menuitem-:r8:"
            role="menuitem"
            tabindex="-1"
            type="button"
          >
            <p
              class="chakra-text css-1198d6z"
            >
              June
            </p>
          </button>
          <button
            class="chakra-menu__menuitem css-1oz22gy"
            data-index="6"
            id="menu-list-:r2:-menuitem-:r9:"
            role="menuitem"
            tabindex="-1"
            type="button"
          >
            <p
              class="chakra-text css-1198d6z"
            >
              July
            </p>
          </button>
          <button
            class="chakra-menu__menuitem css-1oz22gy"
            data-index="7"
            id="menu-list-:r2:-menuitem-:ra:"
            role="menuitem"
            tabindex="-1"
            type="button"
          >
            <p
              class="chakra-text css-1198d6z"
            >
              August
            </p>
          </button>
          <button
            class="chakra-menu__menuitem css-1oz22gy"
            data-index="8"
            id="menu-list-:r2:-menuitem-:rb:"
            role="menuitem"
            tabindex="-1"
            type="button"
          >
            <p
              class="chakra-text css-1198d6z"
            >
              September
            </p>
          </button>
          <button
            class="chakra-menu__menuitem css-1oz22gy"
            data-index="9"
            id="menu-list-:r2:-menuitem-:rc:"
            role="menuitem"
            tabindex="-1"
            type="button"
          >
            <p
              class="chakra-text css-1198d6z"
            >
              October
            </p>
          </button>
          <button
            class="chakra-menu__menuitem css-1oz22gy"
            data-index="10"
            id="menu-list-:r2:-menuitem-:rd:"
            role="menuitem"
            tabindex="-1"
            type="button"
          >
            <p
              class="chakra-text css-1198d6z"
            >
              November
            </p>
          </button>
          <button
            class="chakra-menu__menuitem css-1oz22gy"
            data-index="11"
            id="menu-list-:r2:-menuitem-:re:"
            role="menuitem"
            tabindex="-1"
            type="button"
          >
            <p
              class="chakra-text css-1198d6z"
            >
              December
            </p>
          </button>
        </div>
      </div>
    </div>
  </form>
</div>
`;
