// Jest Snapshot v1, https://goo.gl/fbAQLP

exports[`IconButton test cases should render correctly 1`] = `
<div>
  <div
    class="css-1ve4u7y"
    data-testid="icon-button-component"
  >
    <button
      aria-label="Send email"
      class="chakra-button css-yt1s1n"
      data-testid="icon-button"
      type="button"
    >
      <svg
        fill="none"
        height="24"
        stroke="gray.800"
        viewBox="0 0 24 24"
        width="24"
        xmlns="http://www.w3.org/2000/svg"
      >
        <path
          d="M18.3284 14.8687C13.249 14.8687 9.13135 10.751 9.13135 5.67163C9.13135 4.74246 9.26914 3.84548 9.5254 3C5.74897 4.14461 3 7.65276 3 11.803C3 16.8824 7.11765 21 12.197 21C16.3472 21 19.8554 18.251 21 14.4746C20.1545 14.7309 19.2575 14.8687 18.3284 14.8687Z"
          stroke-linejoin="round"
          stroke-width="1.5"
        />
      </svg>
    </button>
  </div>
</div>
`;
