// Jest Snapshot v1, https://goo.gl/fbAQLP

exports[`Dashboard Component Should render match with snapshot. 1`] = `<div />`;
