// Jest Snapshot v1, https://goo.gl/fbAQLP

exports[`Term and Condition Component Should render match with snapshot. 1`] = `
<div>
  <div
    class="css-0"
  >
    <h3
      class="chakra-text css-2sbtmu"
    >
      Term and Conditions
    </h3>
    <div
      class="css-19idom"
    >
      <h4
        class="chakra-text css-1gmhtzj"
      >
        1. Definitions
      </h4>
      <p
        class="chakra-text css-1wtnvd2"
      >
        What you do own when you buy an are the keys to a non-fungible – perhaps unique – token. That token is yours to trade or hold or display in Decentraland. But the digital file associated with an NFT is just as easy to copy and paste and download as any other – the Finally, players lose their NFTs sometimes according to the rules and regulations of the NFT game.
      </p>
      <p
        class="chakra-text css-b0xv85"
      />
    </div>
    <div
      class="css-19idom"
    >
      <h4
        class="chakra-text css-1gmhtzj"
      >
        2. Acceptance
      </h4>
      <p
        class="chakra-text css-1wtnvd2"
      >
        Amet minim mollit non deserunt ullamco est sit aliqua dolor do amet sint. Velit officia consequat duis enim velit mollit. Exercitation veniam consequat sunt nostrud amet.Capacity. You confirm that you have the legal capacity to receive and hold and make use of the NFT under French jurisdiction and any other relevant jurisdiction.Acceptance. By participating in the Sale, You accept and agree to these Terms and Conditions without any condition or restriction. If You do not agree to this Contract, You shall not participate in the Sale made by the Company Exercitation veniam consequat sunt nostrud amet.Capacity. You confirm that you have the legal capacity to receive and hold find to end.Contract, You shall not participate in the Sale made by the Company Exercitation venia
      </p>
      <p
        class="chakra-text css-b0xv85"
      />
      <div
        class="css-ze22id"
      >
        <p
          class="chakra-text css-1vr8d7m"
        >
          In reality, the most important aspect of a great dashboard is the part that gets the least amount of attention: The underlying data. More than any other aspect, the data will make or break a dashboard.Within this definition, successful administration appears to rest on three basic skills, which we will call technical, and conceptual. 
        </p>
      </div>
    </div>
    <div
      class="css-19idom"
    >
      <h4
        class="chakra-text css-1gmhtzj"
      >
        3. The Sale
      </h4>
      <p
        class="chakra-text css-1wtnvd2"
      >
        The Company offers featuring the Betonyou universe. The holders of one or more NFTs will be able to win cryptos while playing video games. In the future, the Company plans to develop its own games and Metaverse around the Betonyou universe (“Project”).
      </p>
      <p
        class="chakra-text css-b0xv85"
      >
        To release the NFTs and fund the project, the Company offers NFTs from a dedicated website("Sale"). The web address of this website will be given at the time of the mint. The NFT acquisition does not confer any rights on the Company or in the future development.
      </p>
    </div>
    <div
      class="css-19idom"
    >
      <h4
        class="chakra-text css-1gmhtzj"
      >
        4. Purchaser’s obligations
      </h4>
      <p
        class="chakra-text css-1wtnvd2"
      >
        To the fullest extent permitted by applicable law, You undertake to indemnify, defend and hold harmless the Company from and against all claims, demands, actions, damages, losses, costs and expenses (including attorneys’ fees) that arise from or relate to (i) your Subscription or use of the NFTs; (ii) your responsibilities or obligations under this Contract; and (iii) your breach of this Contract.
      </p>
      <p
        class="chakra-text css-b0xv85"
      >
        Company undertakes to act with the care normally expected from a professional in his field and to comply with the best practice in force. The best endeavor obligation only binds the Company.
      </p>
    </div>
  </div>
</div>
`;
