// Jest Snapshot v1, https://goo.gl/fbAQLP

exports[`Transaction page Should render match with snapshot. 1`] = `<div />`;
