// Jest Snapshot v1, https://goo.gl/fbAQLP

exports[`User Page renders User component snapshot 1`] = `
<div>
  <div
    class="css-k79gi6"
  >
    <div
      class="css-mvadl2"
    >
      <div
        class="css-m7p5mb"
      >
        <div
          class="chakra-form-control css-0"
          role="group"
        >
          <div
            class="chakra-input__group css-169ufh8"
            data-group="true"
          >
            <div
              class="chakra-input__left-element css-1u2k0bl"
            >
              <svg
                fill="none"
                height="20"
                stroke="#94A3B8"
                viewBox="0 0 20 20"
                width="20"
                xmlns="http://www.w3.org/2000/svg"
              >
                <circle
                  cx="9.78639"
                  cy="9.78602"
                  r="8.23951"
                  stroke-linecap="round"
                  stroke-linejoin="round"
                  stroke-width="1.5"
                />
                <path
                  d="M15.5176 15.9447L18.7479 19.1667"
                  stroke-linecap="round"
                  stroke-linejoin="round"
                  stroke-width="1.5"
                />
              </svg>
            </div>
            <input
              class="chakra-input css-1i2i6iz"
              id="field-:r0:"
              placeholder="Job Title"
              type="text"
            />
          </div>
        </div>
        <div
          class="css-1i27l4i"
        >
          <div
            class="css-19sop9b"
          >
            <button
              aria-controls="menu-list-:r2:"
              aria-expanded="false"
              aria-haspopup="menu"
              class="chakra-button chakra-menu__menu-button css-k3scoj"
              id="menu-button-:r2:"
              type="button"
            >
              <span
                class="css-xl71ch"
              >
                <div
                  class="css-1lekzkb"
                >
                  <p
                    class="chakra-text css-0"
                  >
                    Seniority Level
                  </p>
                  <svg
                    fill="none"
                    height="21"
                    style="transform: translateY(4px);"
                    viewBox="0 0 21 21"
                    width="21"
                    xmlns="http://www.w3.org/2000/svg"
                  >
                    <path
                      d="M7.72168 5.03271L12.7217 10.0327L17.7217 5.03271"
                      stroke="#A0AEC0"
                      stroke-linecap="round"
                      stroke-linejoin="round"
                      stroke-width="2"
                    />
                  </svg>
                </div>
              </span>
            </button>
            <div
              class="css-0"
              style="visibility: hidden; position: absolute; inset: 0 auto auto 0;"
            >
              <div
                aria-orientation="vertical"
                class="chakra-menu__menu-list css-ta0hp9"
                id="menu-list-:r2:"
                role="menu"
                style="transform-origin: var(--popper-transform-origin); opacity: 0; visibility: hidden; transform: scale(0.8) translateZ(0);"
                tabindex="-1"
              >
                <button
                  class="chakra-menu__menuitem css-1oz22gy"
                  data-index="0"
                  id="menu-list-:r2:-menuitem-:r3:"
                  role="menuitem"
                  tabindex="-1"
                  type="button"
                >
                  <p
                    class="chakra-text css-1198d6z"
                  >
                    Seniority Level
                  </p>
                </button>
                <button
                  class="chakra-menu__menuitem css-1oz22gy"
                  data-index="1"
                  id="menu-list-:r2:-menuitem-:r4:"
                  role="menuitem"
                  tabindex="-1"
                  type="button"
                >
                  <p
                    class="chakra-text css-1198d6z"
                  >
                    Senior Level
                  </p>
                </button>
                <button
                  class="chakra-menu__menuitem css-1oz22gy"
                  data-index="2"
                  id="menu-list-:r2:-menuitem-:r5:"
                  role="menuitem"
                  tabindex="-1"
                  type="button"
                >
                  <p
                    class="chakra-text css-1198d6z"
                  >
                    Junior Level
                  </p>
                </button>
              </div>
            </div>
          </div>
          <button
            aria-label="btn-search"
            class="chakra-button css-13aejih"
            type="button"
          >
            Search
          </button>
        </div>
      </div>
      <div
        class="chakra-skeleton css-1dl4gcj"
      />
      <div
        class="chakra-skeleton css-1dl4gcj"
      />
      <div
        class="chakra-skeleton css-1dl4gcj"
      />
      <div
        class="chakra-skeleton css-1dl4gcj"
      />
      <div
        class="chakra-skeleton css-1dl4gcj"
      />
    </div>
    <div
      class="css-1ts1n74"
    >
      <div
        class="chakra-spinner css-zcyhge"
      >
        <span
          class="css-8b45rq"
        >
          Loading...
        </span>
      </div>
    </div>
  </div>
</div>
`;
