// Jest Snapshot v1, https://goo.gl/fbAQLP

exports[`Fetching component should renders correctly 1`] = `
<div>
  <div
    class="chakra-skeleton css-1wu0swh"
  />
</div>
`;
