// Jest Snapshot v1, https://goo.gl/fbAQLP

exports[`Pagination render Should render match with snapshot. 1`] = `
<div>
  <div
    class="css-1pjv9dc"
    data-testid="pagination"
  >
    <div
      class="css-hswnv9"
    >
      <p
        class="chakra-text css-10v9eea"
      >
        Show result:
      </p>
      <div
        class="css-1eqmq6c"
      >
        <button
          aria-controls="menu-list-:r1:"
          aria-expanded="false"
          aria-haspopup="menu"
          class="chakra-button chakra-menu__menu-button css-11agw6e"
          id="menu-button-:r1:"
          type="button"
        >
          <span
            class="css-xl71ch"
          >
            <div
              class="css-1u78b0r"
            >
              <p
                class="chakra-text css-nyal52"
              >
                8
              </p>
              <div
                class="css-1x77umq"
              >
                <svg
                  fill="none"
                  height="15"
                  stroke="#A0AEC0"
                  style="transform: rotate(undefined);"
                  viewBox="0 0 18 15"
                  width="18"
                  xmlns="http://www.w3.org/2000/svg"
                >
                  <path
                    d="M7 10L12 14L17 10"
                    stroke-linecap="round"
                    stroke-linejoin="round"
                    stroke-width="2"
                  />
                </svg>
              </div>
            </div>
          </span>
        </button>
        <div
          class="css-0"
          style="visibility: hidden; position: absolute; inset: 0 auto auto 0;"
        >
          <div
            aria-orientation="vertical"
            class="chakra-menu__menu-list css-ta0hp9"
            id="menu-list-:r1:"
            role="menu"
            style="transform-origin: var(--popper-transform-origin); opacity: 0; visibility: hidden; transform: scale(0.8) translateZ(0);"
            tabindex="-1"
          >
            <button
              class="chakra-menu__menuitem css-1oz22gy"
              data-index="0"
              id="menu-list-:r1:-menuitem-:r2:"
              role="menuitem"
              tabindex="-1"
              type="button"
            >
              <p
                class="chakra-text css-1198d6z"
              >
                10
              </p>
            </button>
            <button
              class="chakra-menu__menuitem css-1oz22gy"
              data-index="1"
              id="menu-list-:r1:-menuitem-:r3:"
              role="menuitem"
              tabindex="-1"
              type="button"
            >
              <p
                class="chakra-text css-1198d6z"
              >
                20
              </p>
            </button>
            <button
              class="chakra-menu__menuitem css-1oz22gy"
              data-index="2"
              id="menu-list-:r1:-menuitem-:r4:"
              role="menuitem"
              tabindex="-1"
              type="button"
            >
              <p
                class="chakra-text css-1198d6z"
              >
                50
              </p>
            </button>
          </div>
        </div>
      </div>
    </div>
    <div
      class="css-gg4vpm"
    >
      <button
        class="chakra-button css-159lhy8"
        data-testid="prev-button"
        disabled=""
        type="button"
      >
        <svg
          fill="none"
          height="24"
          stroke="#A0AEC0"
          style="transform: rotate(90deg);"
          viewBox="0 0 24 24"
          width="24"
          xmlns="http://www.w3.org/2000/svg"
        >
          <path
            d="M7 10L12 14L17 10"
            stroke-linecap="round"
            stroke-linejoin="round"
            stroke-width="2"
          />
        </svg>
      </button>
      <div
        class="css-70qvj9"
      >
        <button
          class="chakra-button css-bn5hd7"
          disabled=""
          type="button"
        >
          1
        </button>
        <button
          class="chakra-button css-jh60bw"
          type="button"
        >
          2
        </button>
        <button
          class="chakra-button css-jh60bw"
          type="button"
        >
          3
        </button>
        <button
          class="chakra-button css-1vh27uz"
          disabled=""
          type="button"
        >
          ...
        </button>
        <button
          class="chakra-button css-jh60bw"
          type="button"
        >
          13
        </button>
      </div>
      <button
        class="chakra-button css-1681ub4"
        data-testid="next-button"
        type="button"
      >
        <svg
          fill="none"
          height="24"
          stroke="#A0AEC0"
          style="transform: rotate(-90deg);"
          viewBox="0 0 24 24"
          width="24"
          xmlns="http://www.w3.org/2000/svg"
        >
          <path
            d="M7 10L12 14L17 10"
            stroke-linecap="round"
            stroke-linejoin="round"
            stroke-width="2"
          />
        </svg>
      </button>
    </div>
  </div>
</div>
`;
