// Jest Snapshot v1, https://goo.gl/fbAQLP

exports[`Table Match to snapshot 1`] = `
<div>
  <div
    class="chakra-table__container css-zipzvv"
  >
    <table
      class="chakra-table css-0"
    >
      <thead
        class="css-0"
      >
        <tr
          class="css-0"
        >
          <th
            class="css-uvf2im"
          >
            <p
              class="chakra-text css-9m1sly"
              title="Customer name"
            >
              Customer name
            </p>
          </th>
          <th
            class="css-uvf2im"
          >
            <p
              class="chakra-text css-9m1sly"
              title="Email"
            >
              Email
            </p>
          </th>
          <th
            class="css-uvf2im"
          >
            <p
              class="chakra-text css-9m1sly"
              title="Location"
            >
              Location
            </p>
          </th>
          <th
            class="css-uvf2im"
          >
            <p
              class="chakra-text css-9m1sly"
              title="Spent"
            >
              Spent
            </p>
          </th>
          <th
            class="css-uvf2im"
          >
            <p
              class="chakra-text css-9m1sly"
              title=""
            />
          </th>
        </tr>
      </thead>
      <tbody
        class="css-0"
      >
        <tr
          class="css-0"
        >
          <td
            class="css-u4kicn"
          >
            <p
              class="chakra-text css-e7h0oz"
            >
              Devon Lane
            </p>
          </td>
          <td
            class="css-u4kicn"
          >
            <p
              class="chakra-text css-e7h0oz"
            >
              devon@mail.com
            </p>
          </td>
          <td
            class="css-u4kicn"
          >
            <p
              class="chakra-text css-e7h0oz"
            >
              Philadelphia, USA
            </p>
          </td>
          <td
            class="css-u4kicn"
          >
            <p
              class="chakra-text css-e7h0oz"
            >
              $101.00
            </p>
          </td>
          <button>
            action
          </button>
        </tr>
        <tr
          class="css-0"
        >
          <td
            class="css-u4kicn"
          >
            <p
              class="chakra-text css-e7h0oz"
            >
              Devon Lane
            </p>
          </td>
          <td
            class="css-u4kicn"
          >
            <p
              class="chakra-text css-e7h0oz"
            >
              devon@mail.com
            </p>
          </td>
          <td
            class="css-u4kicn"
          >
            <p
              class="chakra-text css-e7h0oz"
            >
              Philadelphia, USA
            </p>
          </td>
          <td
            class="css-u4kicn"
          >
            <p
              class="chakra-text css-e7h0oz"
            >
              $101.00
            </p>
          </td>
          <button>
            action
          </button>
        </tr>
        <tr
          class="css-0"
        >
          <td
            class="css-u4kicn"
          >
            <p
              class="chakra-text css-e7h0oz"
            >
              Devon Lane
            </p>
          </td>
          <td
            class="css-u4kicn"
          >
            <p
              class="chakra-text css-e7h0oz"
            >
              devon@mail.com
            </p>
          </td>
          <td
            class="css-u4kicn"
          >
            <p
              class="chakra-text css-e7h0oz"
            >
              Philadelphia, USA
            </p>
          </td>
          <td
            class="css-u4kicn"
          >
            <p
              class="chakra-text css-e7h0oz"
            >
              $101.00
            </p>
          </td>
          <button>
            action
          </button>
        </tr>
        <tr
          class="css-0"
        >
          <td
            class="css-u4kicn"
          >
            <p
              class="chakra-text css-e7h0oz"
            >
              Devon Lane
            </p>
          </td>
          <td
            class="css-u4kicn"
          >
            <p
              class="chakra-text css-e7h0oz"
            >
              devon@mail.com
            </p>
          </td>
          <td
            class="css-u4kicn"
          >
            <p
              class="chakra-text css-e7h0oz"
            >
              Philadelphia, USA
            </p>
          </td>
          <td
            class="css-u4kicn"
          >
            <p
              class="chakra-text css-e7h0oz"
            >
              $101.00
            </p>
          </td>
          <button>
            action
          </button>
        </tr>
        <tr
          class="css-0"
        >
          <td
            class="css-u4kicn"
          >
            <p
              class="chakra-text css-e7h0oz"
            >
              Devon Lane
            </p>
          </td>
          <td
            class="css-u4kicn"
          >
            <p
              class="chakra-text css-e7h0oz"
            >
              devon@mail.com
            </p>
          </td>
          <td
            class="css-u4kicn"
          >
            <p
              class="chakra-text css-e7h0oz"
            >
              Philadelphia, USA
            </p>
          </td>
          <td
            class="css-u4kicn"
          >
            <p
              class="chakra-text css-e7h0oz"
            >
              $101.00
            </p>
          </td>
          <button>
            action
          </button>
        </tr>
      </tbody>
    </table>
  </div>
</div>
`;
